[drum-nonagon-rhas.squarespace.com/index.html]
[backblue.gif]
[fade.gif]
[index.html]
[images.squarespace-cdn.com/content/601ac3d2c234584dde75194d/1615123769516-8757BY27KIWVQ3444PTL/aboutusbythomasgiustiniweblogoblack2acd.png]
[assets.squarespace.com/@sqs/polyfiller/1.6/legacy.js]
[use.typekit.net/ik/_1jsiVVbldVE8VCz89v-d9MwOpQ72VWwvreBZ4IOgyJfeTwIfFHN4UJLFRbh52jhWDj3wABRwhbkjDJDF29tFesqZQSuwQqXZgnnMKG0jAFu-WsoShFGZAsude80ZkoRdhXCHKoyjamTiY8Djhy8ZYmC-Ao1Oco8if37OcBDOcu8OfG0]
[assets.squarespace.com/universal/scripts-compressed/extract-css-runtime-ce8fe307682f457f4fb9-min.it-IT.js]
[assets.squarespace.com/@sqs/polyfiller/1.6/modern.js]
[assets.squarespace.com/universal/scripts-compressed/cldr-resource-pack-c5ce834c47106f111c14-min.it-IT.js]
[assets.squarespace.com/universal/scripts-compressed/extract-css-moment-js-vendor-e06ebf2781670b76c4d6-min.it-IT.js]
[assets.squarespace.com/universal/scripts-compressed/common-vendors-stable-4edd4764f93221cbddfc-min.it-IT.js]
[assets.squarespace.com/universal/styles-compressed/commerce-4edea0c87d999fb19498-min.it-IT.css]
[assets.squarespace.com/universal/scripts-compressed/performance-1484c0572f70312644e5-min.it-IT.js]
[static1.squarespace.com/static/versioned-site-css/601ac3d2c234584dde75194d/209/5c5a519771c10ba3470d8101/601ac3d2c234584dde751967/1607/site.css]
[cdnjs.cloudflare.com/ajax/libs/font-awesome/5.11.2/css/all.css]
[ninjakit-assets.ixstudio.net/assets/admin/css/ninja-sqs.css]
[code.jquery.com/jquery-3.4.1.min.js]
[static1.squarespace.com/static/vta/5c5a519771c10ba3470d8101/versioned-assets/1738173351596-3CBVET3968X52MOL3HSY/static.css]
[assets.squarespace.com/universal/scripts-compressed/common-vendors-53f8adf3f707742e8933-min.it-IT.js]
[drum-nonagon-rhas.squarespace.com/cart.html]
[images.squarespace-cdn.com/content/v1/601ac3d2c234584dde75194d/1615123769516-8757BY27KIWVQ3444PTL/aboutusbythomasgiustiniweblogoblack26f7.png]
[drum-nonagon-rhas.squarespace.com/metamorfosirepurpose.html]
[drum-nonagon-rhas.squarespace.com/video.html]
[drum-nonagon-rhas.squarespace.com/about-us-by-thomas-giustini.html]
[drum-nonagon-rhas.squarespace.com/creditsthoughts.html]
[drum-nonagon-rhas.squarespace.com/contact.html]
[images.squarespace-cdn.com/content/v1/601ac3d2c234584dde75194d/1612881009529-GLKWC3M5OII9KGY9RYFA/sfondo-per-sito.jpg]
[images.squarespace-cdn.com/content/v1/601ac3d2c234584dde75194d/1624123102063-04POI4GNE3KN6BDGPQSZ/sfondo-per-sito.jpg]
[images.squarespace-cdn.com/content/v1/601ac3d2c234584dde75194d/6ff11b3e-d96d-4e71-9ec6-d61bee8fb040/10..jpg]
[drum-nonagon-rhas.squarespace.com/home.html]
[assets.squarespace.com/universal/scripts-compressed/common-78ecb4a6f8b0ab9aea48-min.it-IT.js]
[images.squarespace-cdn.com/content/v1/601ac3d2c234584dde75194d/1624556174735-210VOYVE74920OWTYOUO/!TITOLI-INIZIALI-LOOKBOOK3def465.jpg]
[images.squarespace-cdn.com/content/v1/601ac3d2c234584dde75194d/1624133402190-TL4WN33PESIW3BOJ1U6T/Sequence+01.00_19_07_05.Still015.jpg]
[images.squarespace-cdn.com/content/v1/601ac3d2c234584dde75194d/1624184634050-ENZUJRUYE8MP9WBPVTWB/Sequence+01.00_00_00_05.Still021.jpg]
[images.squarespace-cdn.com/content/v1/601ac3d2c234584dde75194d/1624390411599-XSI5SWCCY93CMKFQQPNQ/locandina-metamorfosi-film2.jpg]
[images.squarespace-cdn.com/content/v1/601ac3d2c234584dde75194d/1624377917901-7QJBFX3KQFRF2J9UJL3Y/CREDITS-THOUGHTS.jpg]
[assets.squarespace.com/universal/scripts-compressed/commerce-1c23ef386d9b345791b1-min.it-IT.js]
[images.squarespace-cdn.com/content/v1/601ac3d2c234584dde75194d/1624390384865-EIZ9OV9Q1NYSNX9S59MI/123123123.jpg]
[images.squarespace-cdn.com/content/v1/601ac3d2c234584dde75194d/1624390931420-BCPR2CMHTBNE5O9CMORV/NEGOZIOO.jpg]
[images.squarespace-cdn.com/content/v1/601ac3d2c234584dde75194d/1624391280719-HX08XMP703H0L26WE8T6/Senza-titolo-3.jpg]
[images.squarespace-cdn.com/content/v1/601ac3d2c234584dde75194d/1624468894508-SXKQ9ZLZF1OWMPX0DDDI/SFONDO%C3%A8ERSITOCREDIT-THOUGHTS.jpg]
[images.squarespace-cdn.com/content/v1/601ac3d2c234584dde75194d/1620198741760-TLUFNSUK3Y5CPMZSR6ER/locandina-metamorfosi-film2.jpg]
[static1.squarespace.com/static/vta/5c5a519771c10ba3470d8101/scripts/site-bundle.bedeb58efc807da396a767cc186b7379.js]
[drum-nonagon-rhas.squarespace.com/index.html]
[assets.squarespace.com/universal/images-v6/standard/icon_close_7_light.png]
[assets.squarespace.com/universal/styles-compressed/commerce-4edea0c87d999fb19498-min.it-IT.css]
[ninjakit-assets.ixstudio.net/assets/admin/js/ninja-sqs.js]
[assets.squarespace.com/universal/images-v6/damask/error-dark.png]
[assets.squarespace.com/universal/images-v6/damask/error-dark@2x.png]
[assets.squarespace.com/universal/images-v6/damask/play-button.png]
[assets.squarespace.com/universal/images-v6/damask/play-button@2x.png]
[assets.squarespace.com/universal/images-v6/damask/edit-aviary-light.png]
[assets.squarespace.com/universal/images-v6/damask/edit-aviary-light@2x.png]
[assets.squarespace.com/universal/images-v6/damask/edit-info-light.png]
[assets.squarespace.com/universal/images-v6/damask/edit-info-light@2x.png]
[assets.squarespace.com/universal/images-v6/damask/trash-9-light.png]
[assets.squarespace.com/universal/images-v6/damask/trash-9-light@2x.png]
[assets.squarespace.com/universal/images-v6/damask/trash-9-red.png]
[assets.squarespace.com/universal/images-v6/damask/trash-9-red@2x.png]
[assets.squarespace.com/universal/images-v6/damask/getty-16-light.png]
[assets.squarespace.com/universal/images-v6/damask/getty-32-light.png]
[assets.squarespace.com/universal/images-v6/damask/shopping-cart-16-light.png]
[assets.squarespace.com/universal/images-v6/damask/shopping-cart-32-light.png]
[assets.squarespace.com/universal/images-v6/icons/block-indicator-dark.png]
[assets.squarespace.com/universal/images-v6/icons/block-indicator-dark@2x.png]
[assets.squarespace.com/universal/images-v6/icons/opentable-icons.png]
[assets.squarespace.com/universal/images-v6/icons/icon-searchqueries-20-dark.png]
[assets.squarespace.com/universal/images-v6/icons/icon-searchqueries-20-light.png]
[assets.squarespace.com/universal/images-v6/icons/icon-video-24-light-solid.png]
[assets.squarespace.com/universal/images-v6/icons/icon-settings-16-light.png]
[static1.squarespace.com/static/versioned-site-css/601ac3d2c234584dde75194d/209/5c5a519771c10ba3470d8101/601ac3d2c234584dde751967/1607/site.css]
[cdnjs.cloudflare.com/ajax/libs/font-awesome/5.11.2/css/all.css]
[assets.squarespace.com/universal/images-v6/damask/button-48.png]
[ninjakit-assets.ixstudio.net/assets/admin/css/ninja-sqs.css]
[static1.squarespace.com/static/vta/5c5a519771c10ba3470d8101/versioned-assets/1738173351596-3CBVET3968X52MOL3HSY/static.css]
[drum-nonagon-rhas.squarespace.com/cart.html]
[drum-nonagon-rhas.squarespace.com/shop.html]
[images.squarespace-cdn.com/content/v1/601ac3d2c234584dde75194d/1612878663604-FRUFR02780LFQFK6KLII/sfondo-per-sito.jpg]
[images.squarespace-cdn.com/content/v1/601ac3d2c234584dde75194d/1612885809037-E0AELP19WTK85LJV0EBR/sfondo-per-sito2.jpg]
[images.squarespace-cdn.com/content/v1/601ac3d2c234584dde75194d/1612533097842-QIGFBSKRLLQ89A32M7YA/1.jpg]
[images.squarespace-cdn.com/content/v1/601ac3d2c234584dde75194d/db6cfe59-193a-4b2c-b3fa-f1c8c62cb520/2,.jpg]
[images.squarespace-cdn.com/content/v1/601ac3d2c234584dde75194d/d0cc7fca-1a8c-480c-a4d5-8eeda99e196b/3.jpg]
[images.squarespace-cdn.com/content/v1/601ac3d2c234584dde75194d/1613398463567-1WU5Q36IQIKG8EPHY4A9/sfondo-per-sitopipistrelloscorpione.jpg]
[images.squarespace-cdn.com/content/v1/601ac3d2c234584dde75194d/1613042534350-K97CCWBQOYJJNYEL6CSX/sfondo-per-sito.jpg]
[images.squarespace-cdn.com/content/v1/601ac3d2c234584dde75194d/aba02dc2-2eaf-47e4-8d7b-a00618929613/4.jpg]
[images.squarespace-cdn.com/content/v1/601ac3d2c234584dde75194d/df8b732a-dd6a-48d9-b074-65b325ea804f/5.jpg]
[images.squarespace-cdn.com/content/v1/601ac3d2c234584dde75194d/64d427da-f33e-4d06-bbad-5563d13a10f3/6.jpg]
[images.squarespace-cdn.com/content/v1/601ac3d2c234584dde75194d/1613042349967-BUYF89DHYHFCMEWQ6OYC/sfondo-per-sito2.jpg]
[images.squarespace-cdn.com/content/v1/601ac3d2c234584dde75194d/1613399687530-13SKGZZZVVOG1CHAM0RP/sfondo-per-sitzzzzzzzzzzzzo2.jpg]
[images.squarespace-cdn.com/content/v1/601ac3d2c234584dde75194d/e7bea5f0-c129-4978-9b1c-d5976f833771/7,,.jpg]
[images.squarespace-cdn.com/content/v1/601ac3d2c234584dde75194d/264933b1-7cf2-49ae-964e-a8d6e570df3f/8.jpg]
[images.squarespace-cdn.com/content/v1/601ac3d2c234584dde75194d/569f4a8f-aa0c-4e0a-9a52-7b74b06f452f/9.jpg]
[drum-nonagon-rhas.squarespace.com/portfolio-2.5c.delayed]
[images.squarespace-cdn.com/content/v1/601ac3d2c234584dde75194d/1613831308392-Z3BUS0CAUM9ESY03WEDY/locandina-metamorfosi-film2.jpg]
[drum-nonagon-rhas.squarespace.com/_https_/player.vimeo.com/video/520296890.5f4f9a.delayed]
[drum-nonagon-rhas.squarespace.com/metamorfosirepurpose.html]
[images.squarespace-cdn.com/content/v1/601ac3d2c234584dde75194d/1624390953542-KA5TOJFJAP3I01OF1F1X/NEGOZIO.jpg]
[images.squarespace-cdn.com/content/v1/601ac3d2c234584dde75194d/1614348543028-ASEFPWRX65SMLSM1M1Y6/locandina-metamorfosi-film2.jpg]
[assets.squarespace.com/universal/scripts-compressed/commerce-checkout-d05e11480328e977079f-min.it-IT.js]
[drum-nonagon-rhas.squarespace.com/video.html]
[drum-nonagon-rhas.squarespace.com/video/project-one-dkaww.html]
[images.squarespace-cdn.com/content/v1/601ac3d2c234584dde75194d/1613831017051-RV3RP26BI2QAJB9DC2HX/locandina-metamorfosi-film2.jpg]
[images.squarespace-cdn.com/content/v1/601ac3d2c234584dde75194d/1613146380194-5LEJFJUIAUS66ZQ6Q4QD/sfondo-per-sito.jpg]
[images.squarespace-cdn.com/content/v1/601ac3d2c234584dde75194d/a7b778ab-55e6-456b-a8fe-8447688329fd/2665.jpg]
[drum-nonagon-rhas.squarespace.com/about-us-by-thomas-giustini.html]
[drum-nonagon-rhas.squarespace.com/creditsthoughts/massimozamboni.html]
[images.squarespace-cdn.com/content/v1/601ac3d2c234584dde75194d/1620423672391-G5F7VRO7XDBZXD7QAWO6/massimozambonipostercopertinaaa.jpg]
[drum-nonagon-rhas.squarespace.com/creditsthoughts.html]
[images.squarespace-cdn.com/content/v1/601ac3d2c234584dde75194d/1624391393964-Y2X1YPXJH6CM3EL54H7Y/SFONDO%C3%A8ERSITOCREDIT-THOUGHTS.jpg]
[drum-nonagon-rhas.squarespace.com/contact.html]
[drum-nonagon-rhas.squarespace.com/journal.html]
[drum-nonagon-rhas.squarespace.com/home.html]
[drum-nonagon-rhas.squarespace.com/stockists.html]
[drum-nonagon-rhas.squarespace.com/portfolio-2.html]
[drum-nonagon-rhas.squarespace.com/_https_/player.vimeo.com/video/5202968904320.html]
[drum-nonagon-rhas.squarespace.com/_https_/player.vimeo.com/video/5202968904f9a.html]
[images.squarespace-cdn.com/content/601ac3d2c234584dde75194d/1614348543028-ASEFPWRX65SMLSM1M1Y6/locandina-metamorfosi-film243a3.jpg]
[drum-nonagon-rhas.squarespace.com/video/_https_/player.vimeo.com/video/520296890.6c4f9a.delayed]
[drum-nonagon-rhas.squarespace.com/video/project-one-dkaww.html]
[assets.squarespace.com/universal/scripts-compressed/extract-css-runtime-570a6955922d5b930c78-min.it-IT.js]
[images.squarespace-cdn.com/content/601ac3d2c234584dde75194d/1620423672391-G5F7VRO7XDBZXD7QAWO6/massimozambonipostercopertinaaa43a3.jpg]
[images.squarespace-cdn.com/content/v1/601ac3d2c234584dde75194d/1620328560907-KZIT6OADEZQKZ5KLCFD5/massimozambonipostercopertinaaaaa.jpg]
[images.squarespace-cdn.com/content/v1/601ac3d2c234584dde75194d/1620424257233-QTI037KN66U88IZ6OVKJ/massimozambonipostbjivkjvkvkvkjvjha.jpg]
[images.squarespace-cdn.com/content/v1/601ac3d2c234584dde75194d/1619964419867-PDXK9YTQ7VZQMLWJRWZ2/img5.jpg]
[drum-nonagon-rhas.squarespace.com/creditsthoughts/massimozamboni.html]
[drum-nonagon-rhas.squarespace.com/video/_https_/player.vimeo.com/video/5202968904f9a.html]
